// Jest Snapshot v1, https://goo.gl/fbAQLP

exports[`xfetch rejects a connection error: if 1`] = `[FetchError: request to http://0.0.0.0:62222 failed, reason: connect ECONNREFUSED 0.0.0.0:62222]`;
